0 verbose cli /usr/local/bin/node /usr/local/bin/npm
1 info using npm@11.16.0
2 info using node@v20.20.2
3 silly config load:file:/usr/local/lib/node_modules/npm/npmrc
4 silly config load:file:/home/container/.npmrc
5 silly config load:file:/usr/local/etc/npmrc
6 verbose title npm install
7 verbose argv "install"
8 verbose logfile logs-max:10 dir:/home/container/.npm/_logs/2026-06-08T11_24_12_087Z-
9 verbose logfile /home/container/.npm/_logs/2026-06-08T11_24_12_087Z-debug-0.log
10 silly logfile start cleaning logs, removing 1 files
11 silly logfile done cleaning log files
12 silly packumentCache heap:1285292032 maxSize:321323008 maxEntrySize:160661504
13 silly idealTree buildDeps
14 silly reify moves {}
15 silly audit bulk request {
15 silly audit   '@discordjs/builders': [ '1.14.1' ],
15 silly audit   '@discordjs/collection': [ '1.5.3', '2.1.1' ],
15 silly audit   '@discordjs/formatters': [ '0.6.2' ],
15 silly audit   '@discordjs/rest': [ '2.6.1' ],
15 silly audit   '@sapphire/snowflake': [ '3.5.5', '3.5.3' ],
15 silly audit   '@discordjs/util': [ '1.2.0' ],
15 silly audit   '@discordjs/ws': [ '1.2.3' ],
15 silly audit   '@sapphire/async-queue': [ '1.5.5' ],
15 silly audit   '@sapphire/shapeshift': [ '4.0.0' ],
15 silly audit   '@types/node': [ '25.9.1' ],
15 silly audit   '@types/ws': [ '8.18.1' ],
15 silly audit   '@vladfrangu/async_event_emitter': [ '2.4.7' ],
15 silly audit   anymatch: [ '3.1.3' ],
15 silly audit   'balanced-match': [ '4.0.4' ],
15 silly audit   'binary-extensions': [ '2.3.0' ],
15 silly audit   'brace-expansion': [ '5.0.6' ],
15 silly audit   braces: [ '3.0.3' ],
15 silly audit   chokidar: [ '3.6.0' ],
15 silly audit   debug: [ '4.4.3' ],
15 silly audit   'discord-api-types': [ '0.38.48' ],
15 silly audit   'discord.js': [ '14.26.4' ],
15 silly audit   dotenv: [ '17.4.2' ],
15 silly audit   'fast-deep-equal': [ '3.1.3' ],
15 silly audit   'fill-range': [ '7.1.1' ],
15 silly audit   fsevents: [ '2.3.3' ],
15 silly audit   'glob-parent': [ '5.1.2' ],
15 silly audit   'has-flag': [ '3.0.0' ],
15 silly audit   'ignore-by-default': [ '1.0.1' ],
15 silly audit   'is-binary-path': [ '2.1.0' ],
15 silly audit   'is-extglob': [ '2.1.1' ],
15 silly audit   'is-glob': [ '4.0.3' ],
15 silly audit   'is-number': [ '7.0.0' ],
15 silly audit   lodash: [ '4.18.1' ],
15 silly audit   'lodash.snakecase': [ '4.1.1' ],
15 silly audit   'magic-bytes.js': [ '1.13.0' ],
15 silly audit   minimatch: [ '10.2.5' ],
15 silly audit   ms: [ '2.1.3' ],
15 silly audit   nodemon: [ '3.1.14' ],
15 silly audit   'normalize-path': [ '3.0.0' ],
15 silly audit   picomatch: [ '2.3.2' ],
15 silly audit   'pstree.remy': [ '1.1.8' ],
15 silly audit   readdirp: [ '3.6.0' ],
15 silly audit   semver: [ '7.8.1' ],
15 silly audit   'simple-update-notifier': [ '2.0.0' ],
15 silly audit   'supports-color': [ '5.5.0' ],
15 silly audit   'to-regex-range': [ '5.0.1' ],
15 silly audit   touch: [ '3.1.1' ],
15 silly audit   'ts-mixer': [ '6.0.4' ],
15 silly audit   tslib: [ '2.8.1' ],
15 silly audit   undefsafe: [ '2.0.5' ],
15 silly audit   undici: [ '6.24.1' ],
15 silly audit   'undici-types': [ '7.24.6' ],
15 silly audit   ws: [ '8.21.0' ]
15 silly audit }
16 http fetch POST 200 https://registry.npmjs.org/-/npm/v1/security/advisories/bulk 426ms
17 silly audit report {}
18 verbose cwd /home/container
19 verbose os Linux 6.8.0-111-generic
20 verbose node v20.20.2
21 verbose npm  v11.16.0
22 verbose exit 0
23 info ok
